Microchip MPLAB XC8 Compiler V2.31

Linker command line:

-W-3 --edf=C:\Program Files\Microchip\xc8\v2.31\pic\dat\en_msgs.txt -cn \
  -h+dist/default/production\BMP280.X.production.sym \
  --cmf=dist/default/production\BMP280.X.production.cmf -z -Q16F887 \
  -oC:\Users\swimm\AppData\Local\Temp\sjpc.2 --defsym=__MPLAB_BUILD=1 \
  -Mdist/default/production/BMP280.X.production.map -E1 -ver=XC8 Compiler \
  --acfsm=1493 -ASTACK=0110h-016Fh -pstack=STACK -ACODE=00h-07FFhx4 \
  -ASTRCODE=00h-01FFFh -ASTRING=00h-0FFhx32 -ACONST=00h-0FFhx32 \
  -AENTRY=00h-0FFhx32 -ACOMMON=070h-07Fh -ABANK0=020h-06Fh \
  -ABANK1=0A0h-0EFh -ABANK2=0110h-016Fh -ABANK3=0190h-01EFh \
  -ARAM=020h-06Fh,0A0h-0EFh,0110h-016Fh,0190h-01EFh \
  -AABS1=020h-07Fh,0A0h-0EFh,0110h-016Fh,0190h-01EFh -ASFR0=00h-01Fh \
  -ASFR1=080h-09Fh -ASFR2=0100h-010Fh -ASFR3=0180h-018Fh \
  -ACONFIG=02007h-02008h -DCONFIG=2 -AIDLOC=02000h-02003h -DIDLOC=2 \
  -AEEDATA=00h-0FFh/02100h -peeprom_data=EEDATA -DEEDATA=2 -DCODE=2 \
  -DSTRCODE=2 -DSTRING=2 -DCONST=2 -DENTRY=2 \
  -preset_vec=00h,intentry,init,end_init -ppowerup=CODE -pcinit=CODE \
  -pfunctab=ENTRY -k C:\Users\swimm\AppData\Local\Temp\sjpc.o \
  dist/default/production\BMP280.X.production.o 

Object code version is 3.11

Machine type is 16F887



                Name                               Link     Load   Length Selector   Space Scale
C:\Users\swimm\AppData\Local\Temp\sjpc.o
                end_init                              0        0        3        0       0
                config                             2007     2007        2        0       4
dist/default/production\BMP280.X.production.o
                cinit                               7EB      7EB       15      FD6       0
                config                             2007     2007        2        0       4
                text28                             16D7     16D7        D     2DAE       0
                text27                             16C4     16C4        9     2D88       0
                text26                                3        3        9        0       0
                text25                             16CD     16CD        A     2D9A       0
                text24                             1733     1733       2D     2E66       0
                text23                              945      945       48     128A       0
                text22                             1760     1760       2E     2EC0       0
                text21                              9D5      9D5       4C     13AA       0
                text20                              87E      87E       3C     10FC       0
                text19                              CEF      CEF       E6     19DE       0
                text18                              B9B      B9B       9D     1736       0
                text17                              ACE      ACE       66     159C       0
                text16                              98D      98D       48     131A       0
                text15                              2C3      2C3      528      586       0
                text14                              C38      C38       B7     1870       0
                text13                               91       91      232      122       0
                text12                             170B     170B       28     2E16       0
                text11                                C        C       85       18       0
                text10                              B34      B34       67     1668       0
                text9                               A75      A75       59     14EA       0
                text8                               A21      A21       54     1442       0
                text7                               86D      86D       11     10DA       0
                text6                              178E     178E       38     2F1C       0
                text5                               8FE      8FE       47     11FC       0
                text4                              16E4     16E4       27     2DC8       0
                text3                               8BA      8BA       44     1174       0
                text2                              17C6     17C6       3A     2F8C       0
                text1                               DD5      DD5       E8     1BAA       0
                maintext                            EBD      EBD      143     1D7A       0
                cstackBANK0                          20       20       3E       20       1
                cstackCOMMON                         70       70        E       70       1
                clrtext                            16BC     16BC        8     2D78       0
                bssBANK1                             A0       A0       20       A0       1
                bssBANK0                             5E       5E       12       20       1
                strings                             800      800       66     1000       0

TOTAL           Name                               Link     Load   Length     Space
        CLASS   STACK          

        CLASS   CODE           
                end_init                              0        0        3         0
                cinit                               7EB      7EB       15         0
                text28                             16D7     16D7        D         0
                text27                             16C4     16C4        9         0
                text26                                3        3        9         0
                text25                             16CD     16CD        A         0
                text24                             1733     1733       2D         0
                text23                              945      945       48         0
                text22                             1760     1760       2E         0
                text21                              9D5      9D5       4C         0
                text20                              87E      87E       3C         0
                text19                              CEF      CEF       E6         0
                text18                              B9B      B9B       9D         0
                text17                              ACE      ACE       66         0
                text16                              98D      98D       48         0
                text15                              2C3      2C3      528         0
                text14                              C38      C38       B7         0
                text13                               91       91      232         0
                text12                             170B     170B       28         0
                text11                                C        C       85         0
                text10                              B34      B34       67         0
                text9                               A75      A75       59         0
                text8                               A21      A21       54         0
                text7                               86D      86D       11         0
                text6                              178E     178E       38         0
                text5                               8FE      8FE       47         0
                text4                              16E4     16E4       27         0
                text3                               8BA      8BA       44         0
                text2                              17C6     17C6       3A         0
                text1                               DD5      DD5       E8         0
                maintext                            EBD      EBD      143         0
                clrtext                            16BC     16BC        8         0

        CLASS   STRCODE        

        CLASS   STRING         
                strings                             800      800       66         0

        CLASS   CONST          

        CLASS   ENTRY          

        CLASS   COMMON         
                cstackCOMMON                         70       70        E         1

        CLASS   BANK0          
                cstackBANK0                          20       20       3E         1
                bssBANK0                             5E       5E       12         1

        CLASS   BANK1          
                bssBANK1                             A0       A0       20         1

        CLASS   BANK2          

        CLASS   BANK3          

        CLASS   RAM            

        CLASS   ABS1           
                abs_s1                               7E       7E        2         1

        CLASS   SFR0           

        CLASS   SFR1           

        CLASS   SFR2           

        CLASS   SFR3           

        CLASS   CONFIG         
                config                             2007     2007        2         4

        CLASS   IDLOC          

        CLASS   EEDATA         



SEGMENTS        Name                           Load    Length   Top    Selector   Space  Class     Delta

                reset_vec                      000000  00000C  00000C         0       0  CODE        2
                text11                         00000C  000085  000091        18       0  CODE        2
                cstackBANK0                    000020  000050  000070        20       1  BANK0       1
                cstackCOMMON                   000070  00000E  00007E        70       1  COMMON      1
                bssBANK1                       0000A0  000020  0000C0        A0       1  BANK1       1
                text13                         000091  000232  0002C3       122       0  CODE        2
                text15                         0002C3  000528  0007EB       586       0  CODE        2
                cinit                          0007EB  000015  000800       FD6       0  CODE        2
                strings                        000800  000066  000866      1000       0  STRING      2
                text7                          00086D  000011  00087E      10DA       0  CODE        2
                text20                         00087E  00003C  0008BA      10FC       0  CODE        2
                text3                          0008BA  000044  0008FE      1174       0  CODE        2
                text5                          0008FE  000047  000945      11FC       0  CODE        2
                text23                         000945  000048  00098D      128A       0  CODE        2
                text16                         00098D  000048  0009D5      131A       0  CODE        2
                text21                         0009D5  00004C  000A21      13AA       0  CODE        2
                text8                          000A21  000054  000A75      1442       0  CODE        2
                text9                          000A75  000059  000ACE      14EA       0  CODE        2
                text17                         000ACE  000066  000B34      159C       0  CODE        2
                text10                         000B34  000067  000B9B      1668       0  CODE        2
                text18                         000B9B  00009D  000C38      1736       0  CODE        2
                text14                         000C38  0000B7  000CEF      1870       0  CODE        2
                text19                         000CEF  0000E6  000DD5      19DE       0  CODE        2
                text1                          000DD5  0000E8  000EBD      1BAA       0  CODE        2
                maintext                       000EBD  000143  001000      1D7A       0  CODE        2
                clrtext                        0016BC  000008  0016C4      2D78       0  CODE        2
                text27                         0016C4  000009  0016CD      2D88       0  CODE        2
                text25                         0016CD  00000A  0016D7      2D9A       0  CODE        2
                text28                         0016D7  00000D  0016E4      2DAE       0  CODE        2
                text4                          0016E4  000027  00170B      2DC8       0  CODE        2
                text12                         00170B  000028  001733      2E16       0  CODE        2
                text24                         001733  00002D  001760      2E66       0  CODE        2
                text22                         001760  00002E  00178E      2EC0       0  CODE        2
                text6                          00178E  000038  0017C6      2F1C       0  CODE        2
                text2                          0017C6  00003A  001800      2F8C       0  CODE        2


UNUSED ADDRESS RANGES

        Name                Unused          Largest block    Delta
        BANK1            00C0-00EF             30           1
        BANK2            0110-016F             60           1
        BANK3            0190-01EF             60           1
        CODE             0866-086C              7           2
                         1000-16BB            6BC
                         1800-1FFF            800
        CONST            0866-086C              7           2
                         1000-16BB            100
                         1800-1FFF            100
        EEDATA           2100-21FF            100           2
        ENTRY            0866-086C              7           2
                         1000-16BB            100
                         1800-1FFF            100
        IDLOC            2000-2003              4           2
        RAM              00C0-00EF             30           1
                         0110-016F             60
                         0190-01EF             60
        SFR0             0000-001F             20           1
        SFR1             0080-009F             20           1
        SFR2             0100-010F             10           1
        SFR3             0180-018F             10           1
        STACK            0110-016F             60           1
        STRCODE          0866-086C              7           2
                         1000-16BB            6BC
                         1800-1FFF            800
        STRING           0866-086C              7           2
                         1000-16BB            100
                         1800-1FFF            100

                                  Symbol Table

?_BMP280_Read16                  cstackCOMMON 0076
?_BMP280_begin                   cstackBANK0  0023
?_I2C_Master_Read                cstackCOMMON 0070
?___aldiv                        cstackCOMMON 0070
?___almod                        cstackCOMMON 0070
?___awdiv                        cstackCOMMON 0074
?___awmod                        cstackCOMMON 0074
?___lldiv                        cstackCOMMON 0070
?___llmod                        cstackCOMMON 0070
?___lmul                         cstackBANK0  0026
?___lwdiv                        cstackCOMMON 0070
?___lwmod                        cstackCOMMON 0078
?_abs                            cstackCOMMON 0070
?_sprintf                        cstackBANK0  0026
BMP280_Configure@P_sampling      cstackCOMMON 0077
BMP280_Configure@T_sampling      cstackCOMMON 0076
BMP280_Configure@_config         cstackBANK0  0022
BMP280_Configure@_ctrl_meas      cstackBANK0  0021
BMP280_Configure@filter          cstackCOMMON 0078
BMP280_Configure@mode            cstackBANK0  0020
BMP280_Configure@standby         cstackCOMMON 0079
BMP280_Read16@reg_addr           cstackCOMMON 007A
BMP280_Read16@ret                cstackCOMMON 007B
BMP280_Read8@reg_addr            cstackCOMMON 0078
BMP280_Read8@ret                 cstackCOMMON 0079
BMP280_Update@ret                cstackCOMMON 007A
BMP280_Write@_data               cstackCOMMON 0072
BMP280_Write@reg_addr            cstackCOMMON 0075
BMP280_begin@P_sampling          cstackBANK0  0024
BMP280_begin@T_sampling          cstackBANK0  0023
BMP280_begin@filter              cstackBANK0  0025
BMP280_begin@mode                cstackCOMMON 007D
BMP280_begin@standby             cstackBANK0  0026
BMP280_readPressure@p            cstackBANK0  0053
BMP280_readPressure@pres         cstackBANK0  004A
BMP280_readPressure@var1         cstackBANK0  0057
BMP280_readPressure@var2         cstackBANK0  004F
BMP280_readTemperature@temp      cstackBANK0  004A
BMP280_readTemperature@var1      cstackBANK0  003E
BMP280_readTemperature@var2      cstackBANK0  0042
I2C_Master_Init@c                cstackBANK0  0020
I2C_Master_Read@a                cstackCOMMON 0070
I2C_Master_Read@temp             cstackCOMMON 0074
I2C_Master_Write@d               cstackCOMMON 0070
UART_write@word                  cstackCOMMON 0070
USART_CONFIG@frec                cstackCOMMON 0074
USART_CONFIG@rc                  cstackCOMMON 0071
USART_CONFIG@tr                  cstackCOMMON 0070
_ANSEL                           (abs)        0188
_ANSELH                          (abs)        0189
_BAUDCTLbits                     (abs)        0187
_BMP280_Configure                text23       0945
_BMP280_Read16                   text21       09D5
_BMP280_Read8                    text20       087E
_BMP280_Update                   text14       0C38
_BMP280_Write                    text24       1733
_BMP280_begin                    text19       0CEF
_BMP280_calib                    bssBANK1     00A8
_BMP280_readPressure             text15       02C3
_BMP280_readPressure$1102        cstackBANK0  004B
_BMP280_readPressure$1103        cstackBANK0  003E
_BMP280_readPressure$1104        cstackBANK0  0042
_BMP280_readPressure$1105        cstackBANK0  0046
_BMP280_readTemperature          text13       0091
_BMP280_readTemperature$1100     cstackBANK0  004B
_BMP280_readTemperature$1101     cstackBANK0  0046
_GIE                             (abs)        005F
_I2C_Master_Init                 text6        178E
_I2C_Master_Read                 text22       1760
_I2C_Master_Start                text27       16C4
_I2C_Master_Stop                 text26       0003
_I2C_Master_Wait                 text28       16D7
_I2C_Master_Write                text25       16CD
_OSCCONbits                      (abs)        008F
_PEIE                            (abs)        005E
_RCSTAbits                       (abs)        0018
_SPBRG                           (abs)        0099
_SSPADD                          (abs)        0093
_SSPBUF                          (abs)        0013
_SSPCON                          (abs)        0014
_SSPCON2                         (abs)        0091
_SSPCON2bits                     (abs)        0091
_SSPIE                           (abs)        0463
_SSPIF                           (abs)        0063
_SSPSTAT                         (abs)        0094
_TRISA                           (abs)        0085
_TRISB                           (abs)        0086
_TRISC                           (abs)        0087
_TRISC3                          (abs)        043B
_TRISC4                          (abs)        043C
_TRISCbits                       (abs)        0087
_TRISD                           (abs)        0088
_TXEN                            (abs)        04C5
_TXREG                           (abs)        0019
_TXSTAbits                       (abs)        0098
_UART_write                      text12       170B
_USART_CONFIG                    text5        08FE
__Habs1                          abs1         0000
__Hbank0                         bank0        0000
__Hbank1                         bank1        0000
__Hbank2                         bank2        0000
__Hbank3                         bank3        0000
__HbssBANK0                      bssBANK0     0000
__HbssBANK1                      bssBANK1     0000
__Hcinit                         cinit        0800
__Hclrtext                       clrtext      0000
__Hcode                          code         0000
__Hcommon                        common       0000
__Hconfig                        config       2009
__HcstackBANK0                   cstackBANK0  0000
__HcstackCOMMON                  cstackCOMMON 0000
__Heeprom_data                   eeprom_data  0000
__Hend_init                      end_init     0003
__Hfunctab                       functab      0000
__Hinit                          init         0000
__Hintentry                      intentry     0000
__Hmaintext                      maintext     0000
__Hpowerup                       powerup      0000
__Hram                           ram          0000
__Hreset_vec                     reset_vec    0000
__Hsfr0                          sfr0         0000
__Hsfr1                          sfr1         0000
__Hsfr2                          sfr2         0000
__Hsfr3                          sfr3         0000
__Hspace_0                       (abs)        1800
__Hspace_1                       (abs)        00C0
__Hspace_2                       (abs)        0000
__Hspace_3                       (abs)        0000
__Hspace_4                       (abs)        4010
__Hstack                         stack        0000
__Hstrings                       strings      0000
__Htext                          text         0000
__Labs1                          abs1         0000
__Lbank0                         bank0        0000
__Lbank1                         bank1        0000
__Lbank2                         bank2        0000
__Lbank3                         bank3        0000
__LbssBANK0                      bssBANK0     0000
__LbssBANK1                      bssBANK1     0000
__Lcinit                         cinit        07EB
__Lclrtext                       clrtext      0000
__Lcode                          code         0000
__Lcommon                        common       0000
__Lconfig                        config       0000
__LcstackBANK0                   cstackBANK0  0000
__LcstackCOMMON                  cstackCOMMON 0000
__Leeprom_data                   eeprom_data  0000
__Lend_init                      end_init     0000
__Lfunctab                       functab      0000
__Linit                          init         0000
__Lintentry                      intentry     0000
__Lmaintext                      maintext     0000
__Lpowerup                       powerup      0000
__Lram                           ram          0000
__Lreset_vec                     reset_vec    0000
__Lsfr0                          sfr0         0000
__Lsfr1                          sfr1         0000
__Lsfr2                          sfr2         0000
__Lsfr3                          sfr3         0000
__Lspace_0                       (abs)        0000
__Lspace_1                       (abs)        0000
__Lspace_2                       (abs)        0000
__Lspace_3                       (abs)        0000
__Lspace_4                       (abs)        0000
__Lstack                         stack        0000
__Lstrings                       strings      0000
__Ltext                          text         0000
__S0                             (abs)        1800
__S1                             (abs)        00C0
__S2                             (abs)        0000
__S3                             (abs)        0000
___aldiv                         text18       0B9B
___aldiv@counter                 cstackBANK0  0020
___aldiv@dividend                cstackCOMMON 0074
___aldiv@divisor                 cstackCOMMON 0070
___aldiv@quotient                cstackBANK0  0022
___aldiv@sign                    cstackBANK0  0021
___almod                         text11       000C
___almod@counter                 cstackCOMMON 0079
___almod@dividend                cstackCOMMON 0074
___almod@divisor                 cstackCOMMON 0070
___almod@sign                    cstackCOMMON 007A
___awdiv                         text10       0B34
___awdiv@counter                 cstackCOMMON 0079
___awdiv@dividend                cstackCOMMON 0076
___awdiv@divisor                 cstackCOMMON 0074
___awdiv@quotient                cstackCOMMON 007B
___awdiv@sign                    cstackCOMMON 007A
___awmod                         text9        0A75
___awmod@counter                 cstackCOMMON 0079
___awmod@dividend                cstackCOMMON 0076
___awmod@divisor                 cstackCOMMON 0074
___awmod@sign                    cstackCOMMON 007A
___int_sp                        stack        0000
___latbits                       (abs)        0002
___lldiv                         text17       0ACE
___lldiv@counter                 cstackCOMMON 007D
___lldiv@dividend                cstackCOMMON 0074
___lldiv@divisor                 cstackCOMMON 0070
___lldiv@quotient                cstackCOMMON 0079
___llmod                         text8        0A21
___llmod@counter                 cstackCOMMON 0079
___llmod@dividend                cstackCOMMON 0074
___llmod@divisor                 cstackCOMMON 0070
___lmul                          text16       098D
___lmul@multiplicand             cstackBANK0  002A
___lmul@multiplier               cstackBANK0  0026
___lmul@product                  cstackCOMMON 007A
___lwdiv                         text3        08BA
___lwdiv@counter                 cstackCOMMON 0077
___lwdiv@dividend                cstackCOMMON 0072
___lwdiv@divisor                 cstackCOMMON 0070
___lwdiv@quotient                cstackCOMMON 0075
___lwmod                         text2        17C6
___lwmod@counter                 cstackCOMMON 007D
___lwmod@dividend                cstackCOMMON 007A
___lwmod@divisor                 cstackCOMMON 0078
___sp                            stack        0000
___stackhi                       (abs)        0000
___stacklo                       (abs)        0000
__end_of_BMP280_Configure        text23       098D
__end_of_BMP280_Read16           text21       0A21
__end_of_BMP280_Read8            text20       08BA
__end_of_BMP280_Update           text14       0CEF
__end_of_BMP280_Write            text24       1760
__end_of_BMP280_begin            text19       0DD5
__end_of_BMP280_readPressure     text15       07EB
__end_of_BMP280_readTemperature  text13       02C3
__end_of_I2C_Master_Init         text6        17C6
__end_of_I2C_Master_Read         text22       178E
__end_of_I2C_Master_Start        text27       16CD
__end_of_I2C_Master_Stop         text26       000C
__end_of_I2C_Master_Wait         text28       16E4
__end_of_I2C_Master_Write        text25       16D7
__end_of_UART_write              text12       1733
__end_of_USART_CONFIG            text5        0945
__end_of___aldiv                 text18       0C38
__end_of___almod                 text11       0091
__end_of___awdiv                 text10       0B9B
__end_of___awmod                 text9        0ACE
__end_of___lldiv                 text17       0B34
__end_of___llmod                 text8        0A75
__end_of___lmul                  text16       09D5
__end_of___lwdiv                 text3        08FE
__end_of___lwmod                 text2        1800
__end_of__initialization         cinit        07FC
__end_of__stringtab              strings      0810
__end_of_abs                     text7        087E
__end_of_dpowers                 strings      081A
__end_of_main                    maintext     1000
__end_of_setup                   text4        170B
__end_of_sprintf                 text1        0EBD
__initialization                 cinit        07EB
__pbssBANK0                      bssBANK0     005E
__pbssBANK1                      bssBANK1     00A0
__pcstackBANK0                   cstackBANK0  0020
__pcstackCOMMON                  cstackCOMMON 0070
__pmaintext                      maintext     0EBD
__pstrings                       strings      0800
__ptext1                         text1        0DD5
__ptext10                        text10       0B34
__ptext11                        text11       000C
__ptext12                        text12       170B
__ptext13                        text13       0091
__ptext14                        text14       0C38
__ptext15                        text15       02C3
__ptext16                        text16       098D
__ptext17                        text17       0ACE
__ptext18                        text18       0B9B
__ptext19                        text19       0CEF
__ptext2                         text2        17C6
__ptext20                        text20       087E
__ptext21                        text21       09D5
__ptext22                        text22       1760
__ptext23                        text23       0945
__ptext24                        text24       1733
__ptext25                        text25       16CD
__ptext26                        text26       0003
__ptext27                        text27       16C4
__ptext28                        text28       16D7
__ptext3                         text3        08BA
__ptext4                         text4        16E4
__ptext5                         text5        08FE
__ptext6                         text6        178E
__ptext7                         text7        086D
__ptext8                         text8        0A21
__ptext9                         text9        0A75
__size_of_BMP280_Configure       (abs)        0000
__size_of_BMP280_Read16          (abs)        0000
__size_of_BMP280_Read8           (abs)        0000
__size_of_BMP280_Update          (abs)        0000
__size_of_BMP280_Write           (abs)        0000
__size_of_BMP280_begin           (abs)        0000
__size_of_BMP280_readPressure    (abs)        0000
__size_of_BMP280_readTemperature (abs)        0000
__size_of_I2C_Master_Init        (abs)        0000
__size_of_I2C_Master_Read        (abs)        0000
__size_of_I2C_Master_Start       (abs)        0000
__size_of_I2C_Master_Stop        (abs)        0000
__size_of_I2C_Master_Wait        (abs)        0000
__size_of_I2C_Master_Write       (abs)        0000
__size_of_UART_write             (abs)        0000
__size_of_USART_CONFIG           (abs)        0000
__size_of___aldiv                (abs)        0000
__size_of___almod                (abs)        0000
__size_of___awdiv                (abs)        0000
__size_of___awmod                (abs)        0000
__size_of___lldiv                (abs)        0000
__size_of___llmod                (abs)        0000
__size_of___lmul                 (abs)        0000
__size_of___lwdiv                (abs)        0000
__size_of___lwmod                (abs)        0000
__size_of_abs                    (abs)        0000
__size_of_main                   (abs)        0000
__size_of_setup                  (abs)        0000
__size_of_sprintf                (abs)        0000
__stringbase                     strings      080F
__stringtab                      strings      0800
_abs                             text7        086D
_adc_P                           bssBANK1     00A4
_adc_T                           bssBANK0     005E
_buffer                          bssBANK0     006F
_cen                             bssBANK0     0064
_dec                             bssBANK0     0063
_dpowers                         strings      0810
_main                            maintext     0EBD
_pressure                        bssBANK0     0067
_setup                           text4        16E4
_sprintf                         text1        0DD5
_t_fine                          bssBANK1     00A0
_temperature                     bssBANK0     006B
_uni                             bssBANK0     0062
abs@a                            cstackCOMMON 0070
btemp                            (abs)        007E
clear_ram0                       clrtext      16BC
end_of_initialization            cinit        07FC
intlevel0                        functab      0000
intlevel1                        functab      0000
intlevel2                        functab      0000
intlevel3                        functab      0000
intlevel4                        functab      0000
intlevel5                        functab      0000
reset_vec                        reset_vec    0000
sprintf@ap                       cstackBANK0  0032
sprintf@c                        cstackBANK0  0038
sprintf@f                        cstackBANK0  0026
sprintf@flag                     cstackBANK0  0033
sprintf@prec                     cstackBANK0  0034
sprintf@sp                       cstackBANK0  0037
sprintf@val                      cstackBANK0  0035
start                            init         0000
start_initialization             cinit        07EB
wtemp0                           (abs)        007E


FUNCTION INFORMATION:

 *************** function _main *****************
 Defined at:
		line 100 in file "bmp.c"
 Parameters:    Size  Location     Type
		None
 Auto vars:     Size  Location     Type
		None
 Return value:  Size  Location     Type
                  1    wreg      void 
 Registers used:
		wreg, fsr0l, fsr0h, status,2, status,0, btemp+1, pclath, cstack
 Tracked objects:
		On entry : 
		On exit  : 
		Unchanged: 
 Data sizes:     COMMON   BANK0   BANK1   BANK3   BANK2
      Params:         0       0       0       0       0
      Locals:         0       0       0       0       0
      Temps:          0       3       0       0       0
      Totals:         0       3       0       0       0
Total ram usage:        3 bytes
 Hardware stack levels required when called:    5
 This function calls:
		_BMP280_begin
		_BMP280_readPressure
		_BMP280_readTemperature
		_UART_write
		___aldiv
		___almod
		___awdiv
		___awmod
		___lldiv
		___llmod
		_abs
		_setup
		_sprintf
 This function is called by:
		Startup code after reset
 This function uses a non-reentrant model


 *************** function _sprintf *****************
 Defined at:
		line 505 in file "C:\Program Files\Microchip\xc8\v2.31\pic\sources\c90\common\doprnt.c"
 Parameters:    Size  Location     Type
  sp              1    wreg     PTR unsigned char 
		 -> buffer(1), 
  f               1    6[BANK0 ] PTR const unsigned char 
		 -> STR_5(15), STR_4(16), STR_3(16), 
 Auto vars:     Size  Location     Type
  sp              1   23[BANK0 ] PTR unsigned char 
		 -> buffer(1), 
  tmpval          4    0        struct .
  val             2   21[BANK0 ] unsigned int 
  cp              2    0        PTR const unsigned char 
  len             2    0        unsigned int 
  c               1   24[BANK0 ] unsigned char 
  prec            1   20[BANK0 ] char 
  flag            1   19[BANK0 ] unsigned char 
  ap              1   18[BANK0 ] PTR void [1]
		 -> ?_sprintf(2), 
 Return value:  Size  Location     Type
                  2    6[BANK0 ] int 
 Registers used:
		wreg, fsr0l, fsr0h, status,2, status,0, btemp+1, pclath, cstack
 Tracked objects:
		On entry : 
		On exit  : 
		Unchanged: 
 Data sizes:     COMMON   BANK0   BANK1   BANK3   BANK2
      Params:         0       9       0       0       0
      Locals:         0       7       0       0       0
      Temps:          0       3       0       0       0
      Totals:         0      19       0       0       0
Total ram usage:       19 bytes
 Hardware stack levels used:    1
 Hardware stack levels required when called:    1
 This function calls:
		___lwdiv
		___lwmod
 This function is called by:
		_main
 This function uses a non-reentrant model


 *************** function ___lwmod *****************
 Defined at:
		line 5 in file "C:\Program Files\Microchip\xc8\v2.31\pic\sources\c90\common\lwmod.c"
 Parameters:    Size  Location     Type
  divisor         2    8[COMMON] unsigned int 
  dividend        2   10[COMMON] unsigned int 
 Auto vars:     Size  Location     Type
  counter         1   13[COMMON] unsigned char 
 Return value:  Size  Location     Type
                  2    8[COMMON] unsigned int 
 Registers used:
		wreg, status,2, status,0
 Tracked objects:
		On entry : 
		On exit  : 
		Unchanged: 
 Data sizes:     COMMON   BANK0   BANK1   BANK3   BANK2
      Params:         4       0       0       0       0
      Locals:         1       0       0       0       0
      Temps:          1       0       0       0       0
      Totals:         6       0       0       0       0
Total ram usage:        6 bytes
 Hardware stack levels used:    1
 This function calls:
		Nothing
 This function is called by:
		_sprintf
 This function uses a non-reentrant model


 *************** function ___lwdiv *****************
 Defined at:
		line 5 in file "C:\Program Files\Microchip\xc8\v2.31\pic\sources\c90\common\lwdiv.c"
 Parameters:    Size  Location     Type
  divisor         2    0[COMMON] unsigned int 
  dividend        2    2[COMMON] unsigned int 
 Auto vars:     Size  Location     Type
  quotient        2    5[COMMON] unsigned int 
  counter         1    7[COMMON] unsigned char 
 Return value:  Size  Location     Type
                  2    0[COMMON] unsigned int 
 Registers used:
		wreg, status,2, status,0
 Tracked objects:
		On entry : 
		On exit  : 
		Unchanged: 
 Data sizes:     COMMON   BANK0   BANK1   BANK3   BANK2
      Params:         4       0       0       0       0
      Locals:         3       0       0       0       0
      Temps:          1       0       0       0       0
      Totals:         8       0       0       0       0
Total ram usage:        8 bytes
 Hardware stack levels used:    1
 This function calls:
		Nothing
 This function is called by:
		_sprintf
 This function uses a non-reentrant model


 *************** function _setup *****************
 Defined at:
		line 82 in file "bmp.c"
 Parameters:    Size  Location     Type
		None
 Auto vars:     Size  Location     Type
		None
 Return value:  Size  Location     Type
                  1    wreg      void 
 Registers used:
		wreg, fsr0l, fsr0h, status,2, status,0, pclath, cstack
 Tracked objects:
		On entry : 
		On exit  : 
		Unchanged: 
 Data sizes:     COMMON   BANK0   BANK1   BANK3   BANK2
      Params:         0       0       0       0       0
      Locals:         0       0       0       0       0
      Temps:          0       0       0       0       0
      Totals:         0       0       0       0       0
Total ram usage:        0 bytes
 Hardware stack levels used:    1
 Hardware stack levels required when called:    2
 This function calls:
		_I2C_Master_Init
		_USART_CONFIG
 This function is called by:
		_main
 This function uses a non-reentrant model


 *************** function _USART_CONFIG *****************
 Defined at:
		line 36 in file "bmp.c"
 Parameters:    Size  Location     Type
  frec            1    wreg     unsigned char 
  tr              1    0[COMMON] unsigned char 
  rc              1    1[COMMON] unsigned char 
 Auto vars:     Size  Location     Type
  frec            1    4[COMMON] unsigned char 
 Return value:  Size  Location     Type
                  1    wreg      void 
 Registers used:
		wreg, fsr0l, fsr0h, status,2, status,0
 Tracked objects:
		On entry : 
		On exit  : 
		Unchanged: 
 Data sizes:     COMMON   BANK0   BANK1   BANK3   BANK2
      Params:         2       0       0       0       0
      Locals:         1       0       0       0       0
      Temps:          2       0       0       0       0
      Totals:         5       0       0       0       0
Total ram usage:        5 bytes
 Hardware stack levels used:    1
 This function calls:
		Nothing
 This function is called by:
		_setup
 This function uses a non-reentrant model


 *************** function _I2C_Master_Init *****************
 Defined at:
		line 16 in file "I2C.c"
 Parameters:    Size  Location     Type
  c               4    0[BANK0 ] const unsigned long 
 Auto vars:     Size  Location     Type
		None
 Return value:  Size  Location     Type
                  1    wreg      void 
 Registers used:
		wreg, status,2, status,0, pclath, cstack
 Tracked objects:
		On entry : 
		On exit  : 
		Unchanged: 
 Data sizes:     COMMON   BANK0   BANK1   BANK3   BANK2
      Params:         0       4       0       0       0
      Locals:         0       0       0       0       0
      Temps:          0       4       0       0       0
      Totals:         0       8       0       0       0
Total ram usage:        8 bytes
 Hardware stack levels used:    1
 Hardware stack levels required when called:    1
 This function calls:
		___lldiv
 This function is called by:
		_setup
 This function uses a non-reentrant model


 *************** function _abs *****************
 Defined at:
		line 4 in file "C:\Program Files\Microchip\xc8\v2.31\pic\sources\c90\common\abs.c"
 Parameters:    Size  Location     Type
  a               2    0[COMMON] int 
 Auto vars:     Size  Location     Type
		None
 Return value:  Size  Location     Type
                  2    0[COMMON] int 
 Registers used:
		wreg, status,2, status,0
 Tracked objects:
		On entry : 
		On exit  : 
		Unchanged: 
 Data sizes:     COMMON   BANK0   BANK1   BANK3   BANK2
      Params:         2       0       0       0       0
      Locals:         0       0       0       0       0
      Temps:          2       0       0       0       0
      Totals:         4       0       0       0       0
Total ram usage:        4 bytes
 Hardware stack levels used:    1
 This function calls:
		Nothing
 This function is called by:
		_main
 This function uses a non-reentrant model


 *************** function ___llmod *****************
 Defined at:
		line 5 in file "C:\Program Files\Microchip\xc8\v2.31\pic\sources\c90\common\llmod.c"
 Parameters:    Size  Location     Type
  divisor         4    0[COMMON] unsigned long 
  dividend        4    4[COMMON] unsigned long 
 Auto vars:     Size  Location     Type
  counter         1    9[COMMON] unsigned char 
 Return value:  Size  Location     Type
                  4    0[COMMON] unsigned long 
 Registers used:
		wreg, status,2, status,0
 Tracked objects:
		On entry : 
		On exit  : 
		Unchanged: 
 Data sizes:     COMMON   BANK0   BANK1   BANK3   BANK2
      Params:         8       0       0       0       0
      Locals:         1       0       0       0       0
      Temps:          1       0       0       0       0
      Totals:        10       0       0       0       0
Total ram usage:       10 bytes
 Hardware stack levels used:    1
 This function calls:
		Nothing
 This function is called by:
		_main
 This function uses a non-reentrant model


 *************** function ___awmod *****************
 Defined at:
		line 5 in file "C:\Program Files\Microchip\xc8\v2.31\pic\sources\c90\common\awmod.c"
 Parameters:    Size  Location     Type
  divisor         2    4[COMMON] int 
  dividend        2    6[COMMON] int 
 Auto vars:     Size  Location     Type
  sign            1   10[COMMON] unsigned char 
  counter         1    9[COMMON] unsigned char 
 Return value:  Size  Location     Type
                  2    4[COMMON] int 
 Registers used:
		wreg, status,2, status,0
 Tracked objects:
		On entry : 
		On exit  : 
		Unchanged: 
 Data sizes:     COMMON   BANK0   BANK1   BANK3   BANK2
      Params:         4       0       0       0       0
      Locals:         2       0       0       0       0
      Temps:          1       0       0       0       0
      Totals:         7       0       0       0       0
Total ram usage:        7 bytes
 Hardware stack levels used:    1
 This function calls:
		Nothing
 This function is called by:
		_main
		_Division
 This function uses a non-reentrant model


 *************** function ___awdiv *****************
 Defined at:
		line 5 in file "C:\Program Files\Microchip\xc8\v2.31\pic\sources\c90\common\awdiv.c"
 Parameters:    Size  Location     Type
  divisor         2    4[COMMON] int 
  dividend        2    6[COMMON] int 
 Auto vars:     Size  Location     Type
  quotient        2   11[COMMON] int 
  sign            1   10[COMMON] unsigned char 
  counter         1    9[COMMON] unsigned char 
 Return value:  Size  Location     Type
                  2    4[COMMON] int 
 Registers used:
		wreg, status,2, status,0
 Tracked objects:
		On entry : 
		On exit  : 
		Unchanged: 
 Data sizes:     COMMON   BANK0   BANK1   BANK3   BANK2
      Params:         4       0       0       0       0
      Locals:         4       0       0       0       0
      Temps:          1       0       0       0       0
      Totals:         9       0       0       0       0
Total ram usage:        9 bytes
 Hardware stack levels used:    1
 This function calls:
		Nothing
 This function is called by:
		_main
		_Division
 This function uses a non-reentrant model


 *************** function ___almod *****************
 Defined at:
		line 5 in file "C:\Program Files\Microchip\xc8\v2.31\pic\sources\c90\common\almod.c"
 Parameters:    Size  Location     Type
  divisor         4    0[COMMON] long 
  dividend        4    4[COMMON] long 
 Auto vars:     Size  Location     Type
  sign            1   10[COMMON] unsigned char 
  counter         1    9[COMMON] unsigned char 
 Return value:  Size  Location     Type
                  4    0[COMMON] long 
 Registers used:
		wreg, status,2, status,0
 Tracked objects:
		On entry : 
		On exit  : 
		Unchanged: 
 Data sizes:     COMMON   BANK0   BANK1   BANK3   BANK2
      Params:         8       0       0       0       0
      Locals:         2       0       0       0       0
      Temps:          1       0       0       0       0
      Totals:        11       0       0       0       0
Total ram usage:       11 bytes
 Hardware stack levels used:    1
 This function calls:
		Nothing
 This function is called by:
		_main
 This function uses a non-reentrant model


 *************** function _UART_write *****************
 Defined at:
		line 67 in file "bmp.c"
 Parameters:    Size  Location     Type
  word            2    0[COMMON] PTR unsigned char 
		 -> buffer(1), STR_2(18), STR_1(11), 
 Auto vars:     Size  Location     Type
		None
 Return value:  Size  Location     Type
                  1    wreg      void 
 Registers used:
		wreg, fsr0l, fsr0h, btemp+1, pclath
 Tracked objects:
		On entry : 
		On exit  : 
		Unchanged: 
 Data sizes:     COMMON   BANK0   BANK1   BANK3   BANK2
      Params:         2       0       0       0       0
      Locals:         0       0       0       0       0
      Temps:          0       0       0       0       0
      Totals:         2       0       0       0       0
Total ram usage:        2 bytes
 Hardware stack levels used:    2
 This function calls:
		Nothing
 This function is called by:
		_main
 This function uses a non-reentrant model


 *************** function _BMP280_readTemperature *****************
 Defined at:
		line 257 in file "BMP280.c"
 Parameters:    Size  Location     Type
  temp            1    wreg     PTR long 
		 -> temperature(4), 
 Auto vars:     Size  Location     Type
  temp            1   42[BANK0 ] PTR long 
		 -> temperature(4), 
  var2            4   34[BANK0 ] long 
  var1            4   30[BANK0 ] long 
 Return value:  Size  Location     Type
                  2   32[None  ] int 
 Registers used:
		wreg, fsr0l, fsr0h, status,2, status,0, pclath, cstack
 Tracked objects:
		On entry : 
		On exit  : 
		Unchanged: 
 Data sizes:     COMMON   BANK0   BANK1   BANK3   BANK2
      Params:         0       0       0       0       0
      Locals:         0      17       0       0       0
      Temps:          0      16       0       0       0
      Totals:         0      33       0       0       0
Total ram usage:       33 bytes
 Hardware stack levels used:    1
 Hardware stack levels required when called:    3
 This function calls:
		_BMP280_Update
		___aldiv
		___lmul
 This function is called by:
		_main
 This function uses a non-reentrant model


 *************** function _BMP280_Update *****************
 Defined at:
		line 226 in file "BMP280.c"
 Parameters:    Size  Location     Type
		None
 Auto vars:     Size  Location     Type
  ret             4   10[COMMON] struct .
 Return value:  Size  Location     Type
                  1    wreg      void 
 Registers used:
		wreg, status,2, status,0, pclath, cstack
 Tracked objects:
		On entry : 
		On exit  : 
		Unchanged: 
 Data sizes:     COMMON   BANK0   BANK1   BANK3   BANK2
      Params:         0       0       0       0       0
      Locals:         4       0       0       0       0
      Temps:          4       0       0       0       0
      Totals:         8       0       0       0       0
Total ram usage:        8 bytes
 Hardware stack levels used:    1
 Hardware stack levels required when called:    2
 This function calls:
		_I2C_Master_Read
		_I2C_Master_Start
		_I2C_Master_Stop
		_I2C_Master_Write
 This function is called by:
		_BMP280_readTemperature
 This function uses a non-reentrant model


 *************** function _BMP280_readPressure *****************
 Defined at:
		line 281 in file "BMP280.c"
 Parameters:    Size  Location     Type
  pres            1    wreg     PTR unsigned long 
		 -> pressure(4), 
 Auto vars:     Size  Location     Type
  pres            1   42[BANK0 ] PTR unsigned long 
		 -> pressure(4), 
  var1            4   55[BANK0 ] long 
  p               4   51[BANK0 ] unsigned long 
  var2            4   47[BANK0 ] long 
 Return value:  Size  Location     Type
                  2   34[None  ] int 
 Registers used:
		wreg, fsr0l, fsr0h, status,2, status,0, pclath, cstack
 Tracked objects:
		On entry : 
		On exit  : 
		Unchanged: 
 Data sizes:     COMMON   BANK0   BANK1   BANK3   BANK2
      Params:         0       0       0       0       0
      Locals:         0      29       0       0       0
      Temps:          0      16       0       0       0
      Totals:         0      45       0       0       0
Total ram usage:       45 bytes
 Hardware stack levels used:    1
 Hardware stack levels required when called:    1
 This function calls:
		___aldiv
		___lldiv
		___lmul
 This function is called by:
		_main
 This function uses a non-reentrant model


 *************** function ___lmul *****************
 Defined at:
		line 15 in file "C:\Program Files\Microchip\xc8\v2.31\pic\sources\c90\common\Umul32.c"
 Parameters:    Size  Location     Type
  multiplier      4    6[BANK0 ] unsigned long 
  multiplicand    4   10[BANK0 ] unsigned long 
 Auto vars:     Size  Location     Type
  product         4   10[COMMON] unsigned long 
 Return value:  Size  Location     Type
                  4    6[BANK0 ] unsigned long 
 Registers used:
		wreg, status,2, status,0
 Tracked objects:
		On entry : 
		On exit  : 
		Unchanged: 
 Data sizes:     COMMON   BANK0   BANK1   BANK3   BANK2
      Params:         0       8       0       0       0
      Locals:         4       0       0       0       0
      Temps:          1       0       0       0       0
      Totals:         5       8       0       0       0
Total ram usage:       13 bytes
 Hardware stack levels used:    1
 This function calls:
		Nothing
 This function is called by:
		_BMP280_readTemperature
		_BMP280_readPressure
 This function uses a non-reentrant model


 *************** function ___lldiv *****************
 Defined at:
		line 5 in file "C:\Program Files\Microchip\xc8\v2.31\pic\sources\c90\common\__lldiv.c"
 Parameters:    Size  Location     Type
  divisor         4    0[COMMON] unsigned long 
  dividend        4    4[COMMON] unsigned long 
 Auto vars:     Size  Location     Type
  quotient        4    9[COMMON] unsigned long 
  counter         1   13[COMMON] unsigned char 
 Return value:  Size  Location     Type
                  4    0[COMMON] unsigned long 
 Registers used:
		wreg, status,2, status,0
 Tracked objects:
		On entry : 
		On exit  : 
		Unchanged: 
 Data sizes:     COMMON   BANK0   BANK1   BANK3   BANK2
      Params:         8       0       0       0       0
      Locals:         5       0       0       0       0
      Temps:          1       0       0       0       0
      Totals:        14       0       0       0       0
Total ram usage:       14 bytes
 Hardware stack levels used:    1
 This function calls:
		Nothing
 This function is called by:
		_main
		_I2C_Master_Init
		_BMP280_readPressure
 This function uses a non-reentrant model


 *************** function ___aldiv *****************
 Defined at:
		line 5 in file "C:\Program Files\Microchip\xc8\v2.31\pic\sources\c90\common\aldiv.c"
 Parameters:    Size  Location     Type
  divisor         4    0[COMMON] long 
  dividend        4    4[COMMON] long 
 Auto vars:     Size  Location     Type
  quotient        4    2[BANK0 ] long 
  sign            1    1[BANK0 ] unsigned char 
  counter         1    0[BANK0 ] unsigned char 
 Return value:  Size  Location     Type
                  4    0[COMMON] long 
 Registers used:
		wreg, status,2, status,0
 Tracked objects:
		On entry : 
		On exit  : 
		Unchanged: 
 Data sizes:     COMMON   BANK0   BANK1   BANK3   BANK2
      Params:         8       0       0       0       0
      Locals:         0       6       0       0       0
      Temps:          1       0       0       0       0
      Totals:         9       6       0       0       0
Total ram usage:       15 bytes
 Hardware stack levels used:    1
 This function calls:
		Nothing
 This function is called by:
		_main
		_BMP280_readTemperature
		_BMP280_readPressure
 This function uses a non-reentrant model


 *************** function _BMP280_begin *****************
 Defined at:
		line 171 in file "BMP280.c"
 Parameters:    Size  Location     Type
  mode            1    wreg     unsigned char 
  T_sampling      1    3[BANK0 ] unsigned char 
  P_sampling      1    4[BANK0 ] unsigned char 
  filter          1    5[BANK0 ] unsigned char 
  standby         1    6[BANK0 ] unsigned char 
 Auto vars:     Size  Location     Type
  mode            1   13[COMMON] unsigned char 
 Return value:  Size  Location     Type
                  2    3[BANK0 ] int 
 Registers used:
		wreg, status,2, status,0, pclath, cstack
 Tracked objects:
		On entry : 
		On exit  : 
		Unchanged: 
 Data sizes:     COMMON   BANK0   BANK1   BANK3   BANK2
      Params:         0       4       0       0       0
      Locals:         1       0       0       0       0
      Temps:          0       4       0       0       0
      Totals:         1       8       0       0       0
Total ram usage:        9 bytes
 Hardware stack levels used:    1
 Hardware stack levels required when called:    4
 This function calls:
		_BMP280_Configure
		_BMP280_Read16
		_BMP280_Read8
		_BMP280_Write
 This function is called by:
		_main
 This function uses a non-reentrant model


 *************** function _BMP280_Read8 *****************
 Defined at:
		line 121 in file "BMP280.c"
 Parameters:    Size  Location     Type
  reg_addr        1    wreg     unsigned char 
 Auto vars:     Size  Location     Type
  reg_addr        1    8[COMMON] unsigned char 
  ret             1    9[COMMON] unsigned char 
 Return value:  Size  Location     Type
                  1    wreg      unsigned char 
 Registers used:
		wreg, status,2, status,0, pclath, cstack
 Tracked objects:
		On entry : 
		On exit  : 
		Unchanged: 
 Data sizes:     COMMON   BANK0   BANK1   BANK3   BANK2
      Params:         0       0       0       0       0
      Locals:         2       0       0       0       0
      Temps:          2       0       0       0       0
      Totals:         4       0       0       0       0
Total ram usage:        4 bytes
 Hardware stack levels used:    1
 Hardware stack levels required when called:    2
 This function calls:
		_I2C_Master_Read
		_I2C_Master_Start
		_I2C_Master_Stop
		_I2C_Master_Write
 This function is called by:
		_BMP280_begin
		_BMP280_ForcedMeasurement
 This function uses a non-reentrant model


 *************** function _BMP280_Read16 *****************
 Defined at:
		line 137 in file "BMP280.c"
 Parameters:    Size  Location     Type
  reg_addr        1    wreg     unsigned char 
 Auto vars:     Size  Location     Type
  reg_addr        1   10[COMMON] unsigned char 
  ret             2   11[COMMON] struct .
 Return value:  Size  Location     Type
                  2    6[COMMON] unsigned int 
 Registers used:
		wreg, status,2, status,0, pclath, cstack
 Tracked objects:
		On entry : 
		On exit  : 
		Unchanged: 
 Data sizes:     COMMON   BANK0   BANK1   BANK3   BANK2
      Params:         2       0       0       0       0
      Locals:         3       0       0       0       0
      Temps:          2       0       0       0       0
      Totals:         7       0       0       0       0
Total ram usage:        7 bytes
 Hardware stack levels used:    1
 Hardware stack levels required when called:    2
 This function calls:
		_I2C_Master_Read
		_I2C_Master_Start
		_I2C_Master_Stop
		_I2C_Master_Write
 This function is called by:
		_BMP280_begin
 This function uses a non-reentrant model


 *************** function _I2C_Master_Read *****************
 Defined at:
		line 74 in file "I2C.c"
 Parameters:    Size  Location     Type
  a               2    0[COMMON] unsigned short 
 Auto vars:     Size  Location     Type
  temp            2    4[COMMON] unsigned short 
 Return value:  Size  Location     Type
                  2    0[COMMON] unsigned short 
 Registers used:
		wreg, status,2, status,0, pclath, cstack
 Tracked objects:
		On entry : 
		On exit  : 
		Unchanged: 
 Data sizes:     COMMON   BANK0   BANK1   BANK3   BANK2
      Params:         2       0       0       0       0
      Locals:         2       0       0       0       0
      Temps:          2       0       0       0       0
      Totals:         6       0       0       0       0
Total ram usage:        6 bytes
 Hardware stack levels used:    1
 Hardware stack levels required when called:    1
 This function calls:
		_I2C_Master_Wait
 This function is called by:
		_BMP280_Read8
		_BMP280_Read16
		_BMP280_Update
 This function uses a non-reentrant model


 *************** function _BMP280_Configure *****************
 Defined at:
		line 158 in file "BMP280.c"
 Parameters:    Size  Location     Type
  mode            1    wreg     unsigned char 
  T_sampling      1    6[COMMON] unsigned char 
  P_sampling      1    7[COMMON] unsigned char 
  filter          1    8[COMMON] unsigned char 
  standby         1    9[COMMON] unsigned char 
 Auto vars:     Size  Location     Type
  mode            1    0[BANK0 ] unsigned char 
  _config         1    2[BANK0 ] unsigned char 
  _ctrl_meas      1    1[BANK0 ] unsigned char 
 Return value:  Size  Location     Type
                  1    wreg      void 
 Registers used:
		wreg, status,2, status,0, pclath, cstack
 Tracked objects:
		On entry : 
		On exit  : 
		Unchanged: 
 Data sizes:     COMMON   BANK0   BANK1   BANK3   BANK2
      Params:         4       0       0       0       0
      Locals:         0       3       0       0       0
      Temps:          3       0       0       0       0
      Totals:         7       3       0       0       0
Total ram usage:       10 bytes
 Hardware stack levels used:    1
 Hardware stack levels required when called:    3
 This function calls:
		_BMP280_Write
 This function is called by:
		_BMP280_begin
 This function uses a non-reentrant model


 *************** function _BMP280_Write *****************
 Defined at:
		line 111 in file "BMP280.c"
 Parameters:    Size  Location     Type
  reg_addr        1    wreg     unsigned char 
  _data           1    2[COMMON] unsigned char 
 Auto vars:     Size  Location     Type
  reg_addr        1    5[COMMON] unsigned char 
 Return value:  Size  Location     Type
                  1    wreg      void 
 Registers used:
		wreg, status,2, status,0, pclath, cstack
 Tracked objects:
		On entry : 
		On exit  : 
		Unchanged: 
 Data sizes:     COMMON   BANK0   BANK1   BANK3   BANK2
      Params:         1       0       0       0       0
      Locals:         1       0       0       0       0
      Temps:          2       0       0       0       0
      Totals:         4       0       0       0       0
Total ram usage:        4 bytes
 Hardware stack levels used:    1
 Hardware stack levels required when called:    2
 This function calls:
		_I2C_Master_Start
		_I2C_Master_Stop
		_I2C_Master_Write
 This function is called by:
		_BMP280_Configure
		_BMP280_begin
		_BMP280_ForcedMeasurement
 This function uses a non-reentrant model


 *************** function _I2C_Master_Write *****************
 Defined at:
		line 65 in file "I2C.c"
 Parameters:    Size  Location     Type
  d               2    0[COMMON] unsigned int 
 Auto vars:     Size  Location     Type
		None
 Return value:  Size  Location     Type
                  1    wreg      void 
 Registers used:
		wreg, status,2, status,0, pclath, cstack
 Tracked objects:
		On entry : 
		On exit  : 
		Unchanged: 
 Data sizes:     COMMON   BANK0   BANK1   BANK3   BANK2
      Params:         2       0       0       0       0
      Locals:         0       0       0       0       0
      Temps:          0       0       0       0       0
      Totals:         2       0       0       0       0
Total ram usage:        2 bytes
 Hardware stack levels used:    1
 Hardware stack levels required when called:    1
 This function calls:
		_I2C_Master_Wait
 This function is called by:
		_BMP280_Write
		_BMP280_Read8
		_BMP280_Read16
		_BMP280_Update
 This function uses a non-reentrant model


 *************** function _I2C_Master_Stop *****************
 Defined at:
		line 55 in file "I2C.c"
 Parameters:    Size  Location     Type
		None
 Auto vars:     Size  Location     Type
		None
 Return value:  Size  Location     Type
                  1    wreg      void 
 Registers used:
		wreg, status,2, status,0, pclath, cstack
 Tracked objects:
		On entry : 
		On exit  : 
		Unchanged: 
 Data sizes:     COMMON   BANK0   BANK1   BANK3   BANK2
      Params:         0       0       0       0       0
      Locals:         0       0       0       0       0
      Temps:          0       0       0       0       0
      Totals:         0       0       0       0       0
Total ram usage:        0 bytes
 Hardware stack levels used:    1
 Hardware stack levels required when called:    1
 This function calls:
		_I2C_Master_Wait
 This function is called by:
		_BMP280_Write
		_BMP280_Read8
		_BMP280_Read16
		_BMP280_Update
 This function uses a non-reentrant model


 *************** function _I2C_Master_Start *****************
 Defined at:
		line 39 in file "I2C.c"
 Parameters:    Size  Location     Type
		None
 Auto vars:     Size  Location     Type
		None
 Return value:  Size  Location     Type
                  1    wreg      void 
 Registers used:
		wreg, status,2, status,0, pclath, cstack
 Tracked objects:
		On entry : 
		On exit  : 
		Unchanged: 
 Data sizes:     COMMON   BANK0   BANK1   BANK3   BANK2
      Params:         0       0       0       0       0
      Locals:         0       0       0       0       0
      Temps:          0       0       0       0       0
      Totals:         0       0       0       0       0
Total ram usage:        0 bytes
 Hardware stack levels used:    1
 Hardware stack levels required when called:    1
 This function calls:
		_I2C_Master_Wait
 This function is called by:
		_BMP280_Write
		_BMP280_Read8
		_BMP280_Read16
		_BMP280_Update
 This function uses a non-reentrant model


 *************** function _I2C_Master_Wait *****************
 Defined at:
		line 32 in file "I2C.c"
 Parameters:    Size  Location     Type
		None
 Auto vars:     Size  Location     Type
		None
 Return value:  Size  Location     Type
                  1    wreg      void 
 Registers used:
		wreg, status,2
 Tracked objects:
		On entry : 
		On exit  : 
		Unchanged: 
 Data sizes:     COMMON   BANK0   BANK1   BANK3   BANK2
      Params:         0       0       0       0       0
      Locals:         0       0       0       0       0
      Temps:          0       0       0       0       0
      Totals:         0       0       0       0       0
Total ram usage:        0 bytes
 Hardware stack levels used:    1
 This function calls:
		Nothing
 This function is called by:
		_I2C_Master_Start
		_I2C_Master_Stop
		_I2C_Master_Write
		_I2C_Master_Read
		_I2C_Master_RepeatedStart
 This function uses a non-reentrant model



MODULE INFORMATION

Module		Function		Class		Link	Load	Size
C:\Program Files\Microchip\xc8\v2.31\pic\sources\c90\common\__lldiv.c
		___lldiv       		CODE           	0ACE	0000	102

C:\Program Files\Microchip\xc8\v2.31\pic\sources\c90\common\__lldiv.c estimated size: 102

C:\Program Files\Microchip\xc8\v2.31\pic\sources\c90\common\doprnt.c
		_sprintf       		CODE           	0DD5	0000	232

C:\Program Files\Microchip\xc8\v2.31\pic\sources\c90\common\doprnt.c estimated size: 232

C:\Program Files\Microchip\xc8\v2.31\pic\sources\c90\common\abs.c
		_abs           		CODE           	086D	0000	17

C:\Program Files\Microchip\xc8\v2.31\pic\sources\c90\common\abs.c estimated size: 17

C:\Program Files\Microchip\xc8\v2.31\pic\sources\c90\common\lwmod.c
		___lwmod       		CODE           	17C6	0000	58

C:\Program Files\Microchip\xc8\v2.31\pic\sources\c90\common\lwmod.c estimated size: 58

C:\Program Files\Microchip\xc8\v2.31\pic\sources\c90\common\awmod.c
		___awmod       		CODE           	0A75	0000	89

C:\Program Files\Microchip\xc8\v2.31\pic\sources\c90\common\awmod.c estimated size: 89

bmp.c
		_main          		CODE           	0EBD	0000	323
		_setup         		CODE           	16E4	0000	39
		_UART_write    		CODE           	170B	0000	40
		_USART_CONFIG  		CODE           	08FE	0000	71

bmp.c estimated size: 473

I2C.c
		_I2C_Master_Read		CODE           	1760	0000	46
		_I2C_Master_Wait		CODE           	16D7	0000	13
		_I2C_Master_Init		CODE           	178E	0000	56
		_I2C_Master_Stop		CODE           	0003	0000	9
		_I2C_Master_Write		CODE           	16CD	0000	10
		_I2C_Master_Start		CODE           	16C4	0000	9

I2C.c estimated size: 143

C:\Program Files\Microchip\xc8\v2.31\pic\sources\c90\common\llmod.c
		___llmod       		CODE           	0A21	0000	84

C:\Program Files\Microchip\xc8\v2.31\pic\sources\c90\common\llmod.c estimated size: 84

C:\Program Files\Microchip\xc8\v2.31\pic\sources\c90\common\almod.c
		___almod       		CODE           	000C	0000	133

C:\Program Files\Microchip\xc8\v2.31\pic\sources\c90\common\almod.c estimated size: 133

C:\Program Files\Microchip\xc8\v2.31\pic\sources\c90\common\Umul32.c
		___lmul        		CODE           	098D	0000	72

C:\Program Files\Microchip\xc8\v2.31\pic\sources\c90\common\Umul32.c estimated size: 72

C:\Program Files\Microchip\xc8\v2.31\pic\sources\c90\common\lwdiv.c
		___lwdiv       		CODE           	08BA	0000	68

C:\Program Files\Microchip\xc8\v2.31\pic\sources\c90\common\lwdiv.c estimated size: 68

C:\Program Files\Microchip\xc8\v2.31\pic\sources\c90\common\awdiv.c
		___awdiv       		CODE           	0B34	0000	103

C:\Program Files\Microchip\xc8\v2.31\pic\sources\c90\common\awdiv.c estimated size: 103

shared
		__stringtab    		STRING         	0800	0000	16
		_dpowers       		STRING         	0810	0000	10
		__initialization		CODE           	07EB	0000	17

shared estimated size: 43

C:\Program Files\Microchip\xc8\v2.31\pic\sources\c90\common\aldiv.c
		___aldiv       		CODE           	0B9B	0000	157

C:\Program Files\Microchip\xc8\v2.31\pic\sources\c90\common\aldiv.c estimated size: 157

BMP280.c
		_BMP280_readTemperature		CODE           	0091	0000	562
		_BMP280_Read8  		CODE           	087E	0000	60
		_BMP280_Write  		CODE           	1733	0000	45
		_BMP280_begin  		CODE           	0CEF	0000	230
		_BMP280_Read16 		CODE           	09D5	0000	76
		_BMP280_Update 		CODE           	0C38	0000	183
		_BMP280_Configure		CODE           	0945	0000	72
		_BMP280_readPressure		CODE           	02C3	0000	1320

BMP280.c estimated size: 2548

